// Jest Snapshot v1, https://goo.gl/fbAQLP

exports[`<Header /> should render a snapshot 1`] = `
.c1 {
  display: flex;
  align-items: center;
  justify-content: center;
}

.c2 {
  text-transform: uppercase;
  letter-spacing: 0.7rem;
  font-weight: 400;
}

.c5 {
  position: relative;
  display: inline-block;
  width: 60px;
  height: 34px;
}

.c5 svg {
  position: absolute;
  inset: 1.6px;
  width: 3rem;
}

.c5 svg:last-of-type {
  transform: translateX(26.5px);
}

.c7 {
  opacity: 0;
  width: 0;
  height: 0;
}

.c8 {
  cursor: pointer;
  position: absolute;
  z-index: 5;
  inset: 0;
  -webkit-transition: 0.4s;
  transition: 0.4s;
  border-radius: 34px;
  border: 1px solid;
}

.c8:before {
  position: absolute;
  content: '';
  height: 25.5px;
  width: 25.5px;
  left: 4px;
  bottom: 4px;
  background-color: #020415;
  -webkit-transition: 0.4s;
  transition: 0.4s;
  border-radius: 50%;
}

.c6:checked+.c8:before {
  -webkit-transform: translateX(25px);
  -ms-transform: translateX(25px);
  transform: translateX(25px);
}

.c0 {
  width: 100%;
  max-width: 120rem;
  margin: 0 auto;
  display: flex;
  align-items: center;
  justify-content: center;
  flex-direction: column;
  gap: 4rem;
  padding: 2rem;
}

.c3 {
  width: 100%;
  display: flex;
  align-items: center;
  justify-content: space-between;
  border-bottom: 1px solid;
  padding-bottom: 2rem;
  position: relative;
}

.c3>span {
  display: none;
  cursor: pointer;
}

.c3 span>svg {
  width: 3rem;
  position: relative;
  z-index: 10;
}

.c4 {
  width: 100%;
  display: flex;
  align-items: center;
}

.c4 a {
  text-transform: uppercase;
  margin-right: 2rem;
  position: relative;
  transition: all 200ms ease-in-out;
}

.c4 a::before {
  content: '';
  position: absolute;
  bottom: -2px;
  width: 0;
  height: 1px;
  background-color: #020415;
  transition: all 200ms ease-in-out;
}

.c4 a:hover::before {
  width: 100%;
}

.c9 {
  display: flex;
  align-items: center;
  position: relative;
}

.c9 svg {
  width: 2rem;
  position: absolute;
  right: 0;
}

.c10 {
  outline: none;
  border: none;
  padding-right: 2rem;
  padding-bottom: 0.2rem;
  background-color: transparent;
  color: #020415;
  font-size: 2rem;
  border-bottom: 1px solid transparent;
  transition: all 200ms ease-in-out;
}

.c10:focus {
  border-bottom: 1px solid;
}

@media screen and (max-width: 768px) {
  .c3>span {
    display: block;
  }
}

@media screen and (max-width: 768px) {
  .c4 {
    display: flex;
    align-items: center;
    justify-content: center;
    flex-direction: column;
    padding: 2rem;
    gap: 1rem;
    border-radius: 0.5rem;
    border: 1px solid;
    position: absolute;
    z-index: 10;
    top: 3rem;
    left: 0;
    right: 0;
    transition: all 200ms ease-in-out;
    background-color: #e5e5e5;
    opacity: 0;
    visibility: hidden;
    opacity: 0;
    visibility: hidden;
  }

  .c4 a {
    margin-right: 0;
  }
}

<div>
  <header
    class="c0"
  >
    <div
      class="c1"
    >
      <h1
        class="c2"
      >
        Evandro Calado
      </h1>
    </div>
    <div
      class="c3"
    >
      <span
        data-testid="menu"
      >
        <svg
          class="icon icon-tabler icon-tabler-menu-2"
          fill="none"
          stroke="currentColor"
          stroke-linecap="round"
          stroke-linejoin="round"
          stroke-width="{1}"
          viewBox="0 0 24 24"
          xmlns="http://www.w3.org/2000/svg"
        >
          <path
            d="M0 0h24v24H0z"
            fill="none"
            stroke="none"
          />
          <path
            d="M4 6l16 0"
          />
          <path
            d="M4 12l16 0"
          />
          <path
            d="M4 18l16 0"
          />
        </svg>
      </span>
      <nav
        class="c4"
      >
        <a
          href="/"
        >
          Home
        </a>
        <a
          href="/about"
        >
          Sobre mim
        </a>
        <a
          href="/projects"
        >
          Projetos
        </a>
        <a
          href="/blog"
        >
          Blog
        </a>
        <a
          href="/contact"
        >
          Contato
        </a>
        <label
          class="c5"
        >
          <input
            class="c6 c7"
            type="checkbox"
          />
          <span
            class="c8"
          />
          <svg
            class="icon icon-tabler icon-tabler-sun"
            fill="none"
            stroke="currentColor"
            stroke-linecap="round"
            stroke-linejoin="round"
            stroke-width="{1}"
            viewBox="0 0 24 24"
            xmlns="http://www.w3.org/2000/svg"
          >
            <path
              d="M0 0h24v24H0z"
              fill="none"
              stroke="none"
            />
            <path
              d="M12 12m-4 0a4 4 0 1 0 8 0a4 4 0 1 0 -8 0"
            />
            <path
              d="M3 12h1m8 -9v1m8 8h1m-9 8v1m-6.4 -15.4l.7 .7m12.1 -.7l-.7 .7m0 11.4l.7 .7m-12.1 -.7l-.7 .7"
            />
          </svg>
          <svg
            class="icon icon-tabler icon-tabler-moon"
            fill="none"
            stroke="currentColor"
            stroke-linecap="round"
            stroke-linejoin="round"
            stroke-width="{1}"
            viewBox="0 0 24 24"
            xmlns="http://www.w3.org/2000/svg"
          >
            <path
              d="M0 0h24v24H0z"
              fill="none"
              stroke="none"
            />
            <path
              d="M12 3c.132 0 .263 0 .393 0a7.5 7.5 0 0 0 7.92 12.446a9 9 0 1 1 -8.313 -12.454z"
            />
          </svg>
        </label>
      </nav>
      <form
        action="/search/"
        class="c9"
        method="GET"
      >
        <input
          class="c10"
          name="q"
          placeholder="Pesquisar"
          type="search"
        />
        <svg
          class="icon icon-tabler icon-tabler-search"
          fill="none"
          stroke="currentColor"
          stroke-linecap="round"
          stroke-linejoin="round"
          stroke-width="{1}"
          viewBox="0 0 24 24"
          xmlns="http://www.w3.org/2000/svg"
        >
          <path
            d="M0 0h24v24H0z"
            fill="none"
            stroke="none"
          />
          <path
            d="M10 10m-7 0a7 7 0 1 0 14 0a7 7 0 1 0 -14 0"
          />
          <path
            d="M21 21l-6 -6"
          />
        </svg>
      </form>
    </div>
  </header>
</div>
`;
