// Jest Snapshot v1, https://goo.gl/fbAQLP

exports[`<ImageModal /> should render a snapshot 1`] = `
.c0 {
  display: flex;
  flex-wrap: wrap;
  align-items: center;
  justify-content: center;
  gap: 2rem;
  padding: 0 2rem;
}

.c0>img {
  margin-bottom: 4rem;
  overflow: hidden;
}

.c0>img:hover {
  cursor: zoom-in;
}

<div>
  <div
    class="c0"
  >
    <img
      alt="thumbnail_07.jpg"
      data-nimg="1"
      decoding="async"
      height="156"
      loading="lazy"
      src="/_next/image?url=https%3A%2F%2Fres.cloudinary.com%2Fdnhsdenji%2Fimage%2Fupload%2Fv1695300319%2Fthumbnail_07_6b015e0ba1.jpg&w=256&q=75"
      srcset="/_next/image?url=https%3A%2F%2Fres.cloudinary.com%2Fdnhsdenji%2Fimage%2Fupload%2Fv1695300319%2Fthumbnail_07_6b015e0ba1.jpg&w=128&q=75 1x, /_next/image?url=https%3A%2F%2Fres.cloudinary.com%2Fdnhsdenji%2Fimage%2Fupload%2Fv1695300319%2Fthumbnail_07_6b015e0ba1.jpg&w=256&q=75 2x"
      style="color: transparent;"
      width="110"
    />
    <img
      alt="thumbnail_08.jpg"
      data-nimg="1"
      decoding="async"
      height="156"
      loading="lazy"
      src="/_next/image?url=https%3A%2F%2Fres.cloudinary.com%2Fdnhsdenji%2Fimage%2Fupload%2Fv1695300319%2Fthumbnail_08_b2ba5cbee0.jpg&w=256&q=75"
      srcset="/_next/image?url=https%3A%2F%2Fres.cloudinary.com%2Fdnhsdenji%2Fimage%2Fupload%2Fv1695300319%2Fthumbnail_08_b2ba5cbee0.jpg&w=128&q=75 1x, /_next/image?url=https%3A%2F%2Fres.cloudinary.com%2Fdnhsdenji%2Fimage%2Fupload%2Fv1695300319%2Fthumbnail_08_b2ba5cbee0.jpg&w=256&q=75 2x"
      style="color: transparent;"
      width="109"
    />
    <img
      alt="thumbnail_02.jpg"
      data-nimg="1"
      decoding="async"
      height="156"
      loading="lazy"
      src="/_next/image?url=https%3A%2F%2Fres.cloudinary.com%2Fdnhsdenji%2Fimage%2Fupload%2Fv1695300319%2Fthumbnail_02_4251096478.jpg&w=256&q=75"
      srcset="/_next/image?url=https%3A%2F%2Fres.cloudinary.com%2Fdnhsdenji%2Fimage%2Fupload%2Fv1695300319%2Fthumbnail_02_4251096478.jpg&w=128&q=75 1x, /_next/image?url=https%3A%2F%2Fres.cloudinary.com%2Fdnhsdenji%2Fimage%2Fupload%2Fv1695300319%2Fthumbnail_02_4251096478.jpg&w=256&q=75 2x"
      style="color: transparent;"
      width="108"
    />
    <img
      alt="thumbnail_01.jpg"
      data-nimg="1"
      decoding="async"
      height="156"
      loading="lazy"
      src="/_next/image?url=https%3A%2F%2Fres.cloudinary.com%2Fdnhsdenji%2Fimage%2Fupload%2Fv1695300319%2Fthumbnail_01_72125a8f3c.jpg&w=256&q=75"
      srcset="/_next/image?url=https%3A%2F%2Fres.cloudinary.com%2Fdnhsdenji%2Fimage%2Fupload%2Fv1695300319%2Fthumbnail_01_72125a8f3c.jpg&w=128&q=75 1x, /_next/image?url=https%3A%2F%2Fres.cloudinary.com%2Fdnhsdenji%2Fimage%2Fupload%2Fv1695300319%2Fthumbnail_01_72125a8f3c.jpg&w=256&q=75 2x"
      style="color: transparent;"
      width="115"
    />
  </div>
</div>
`;
