// Jest Snapshot v1, https://goo.gl/fbAQLP

exports[`<GoToTop /> should render a snapshot 1`] = `
.c0 {
  display: flex;
  align-items: center;
  justify-content: center;
  background-color: transparent;
  outline: none;
  border: none;
  cursor: pointer;
  border-radius: 0.5rem;
  transition: bounce .2s ease-in-out,border 200ms ease-in-out;
  animation: bounce 2s ease-in-out infinite;
  position: sticky;
  right: 2rem;
  bottom: 2rem;
  margin-left: auto;
}

.c0 svg {
  width: 4rem;
  color: #020415;
}

<div>
  <button
    class="c0"
  >
    <svg
      class="icon icon-tabler icon-tabler-arrow-bar-to-up"
      fill="none"
      stroke="currentColor"
      stroke-linecap="round"
      stroke-linejoin="round"
      stroke-width="1"
      viewBox="0 0 24 24"
      xmlns="http://www.w3.org/2000/svg"
    >
      <path
        d="M0 0h24v24H0z"
        fill="none"
        stroke="none"
      />
      <path
        d="M12 10l0 10"
      />
      <path
        d="M12 10l4 4"
      />
      <path
        d="M12 10l-4 4"
      />
      <path
        d="M4 4l16 0"
      />
    </svg>
  </button>
</div>
`;
